\BOOKMARK [1][-]{section.1}{\376\377\000S\000i}{}% 1
\BOOKMARK [1][-]{section.2}{\376\377\000S\000i\000O\0002}{}% 2
\BOOKMARK [1][-]{section.3}{\376\377\000A\000l\0002\000O\0003}{}% 3
\BOOKMARK [1][-]{section.4}{\376\377\000G\000e}{}% 4
\BOOKMARK [1][-]{section.5}{\376\377\000C}{}% 5
\BOOKMARK [1][-]{section.6}{\376\377\000H\0002}{}% 6
\BOOKMARK [1][-]{section.7}{\376\377\000S\000e}{}% 7
\BOOKMARK [1][-]{section.8}{\376\377\000T\000e}{}% 8
\BOOKMARK [1][-]{section.9}{\376\377\000S}{}% 9
\BOOKMARK [1][-]{section.10}{\376\377\000B}{}% 10
\BOOKMARK [1][-]{section.11}{\376\377\000H\000g}{}% 11
\BOOKMARK [1][-]{section.12}{\376\377\000N\0002}{}% 12
\BOOKMARK [1][-]{section.13}{\376\377\000P}{}% 13
\BOOKMARK [1][-]{section.14}{\376\377\000I}{}% 14
\BOOKMARK [1][-]{section.15}{\376\377\000C\000l\0002}{}% 15
\BOOKMARK [1][-]{section.16}{\376\377\000B\000r}{}% 16
\BOOKMARK [1][-]{section.17}{\376\377\000C\000r\000N\0002}{}% 17
\BOOKMARK [1][-]{section.18}{\376\377\000T\000e\000S\000e}{}% 18
\BOOKMARK [1][-]{section.19}{\376\377\000T\000i\000F\0004}{}% 19
\BOOKMARK [1][-]{section.20}{\376\377\000M\000o\000F\0004}{}% 20
\BOOKMARK [1][-]{section.21}{\376\377\000S\000b\000F\0004}{}% 21
\BOOKMARK [1][-]{section.22}{\376\377\000H\0001\0001\000O\0008}{}% 22
\BOOKMARK [1][-]{section.23}{\376\377\000W\000F\0004}{}% 23
\BOOKMARK [1][-]{section.24}{\376\377\000H\0002\000S}{}% 24
\BOOKMARK [1][-]{section.25}{\376\377\000A\000g\0002\000S}{}% 25
\BOOKMARK [1][-]{section.26}{\376\377\000A\000l\000F\0003}{}% 26
\BOOKMARK [1][-]{section.27}{\376\377\000B\000B\000r}{}% 27
\BOOKMARK [1][-]{section.28}{\376\377\000O\000F\0003}{}% 28
\BOOKMARK [1][-]{section.29}{\376\377\000H\0003\000F\0002}{}% 29
\BOOKMARK [1][-]{section.30}{\376\377\000L\000i\000S\0004}{}% 30
\BOOKMARK [1][-]{section.31}{\376\377\000S\0002\000N}{}% 31
\BOOKMARK [1][-]{section.32}{\376\377\000H\0002\000O}{}% 32
\BOOKMARK [1][-]{section.33}{\376\377\000N\000b\000A\000s}{}% 33
\BOOKMARK [1][-]{section.34}{\376\377\000H\000f\000S\000e\0003}{}% 34
\BOOKMARK [1][-]{section.35}{\376\377\000Z\000r\000S\000e\0003}{}% 35
\BOOKMARK [1][-]{section.36}{\376\377\000B\000a\000N\0006}{}% 36
\BOOKMARK [1][-]{section.37}{\376\377\000T\000l\0004\000O\0003}{}% 37
\BOOKMARK [1][-]{section.38}{\376\377\000A\000s\0004\000S\0005}{}% 38
\BOOKMARK [1][-]{section.39}{\376\377\000H\000g\000O}{}% 39
\BOOKMARK [1][-]{section.40}{\376\377\000H\000f\000S\0003}{}% 40
\BOOKMARK [1][-]{section.41}{\376\377\000Y\000P\0005}{}% 41
\BOOKMARK [1][-]{section.42}{\376\377\000T\000i\000S\0003}{}% 42
\BOOKMARK [1][-]{section.43}{\376\377\000Z\000r\000S\0003}{}% 43
\BOOKMARK [1][-]{section.44}{\376\377\000M\000n\000F\0002}{}% 44
\BOOKMARK [1][-]{section.45}{\376\377\000C\000N\0002}{}% 45
\BOOKMARK [1][-]{section.46}{\376\377\000W\000O\0003}{}% 46
\BOOKMARK [1][-]{section.47}{\376\377\000B\000a\000S\000e\0003}{}% 47
\BOOKMARK [1][-]{section.48}{\376\377\000B\000a\000S\0003}{}% 48
\BOOKMARK [1][-]{section.49}{\376\377\000B\000a\000T\000e\0003}{}% 49
\BOOKMARK [1][-]{section.50}{\376\377\000B\000i\0002\000O\0003}{}% 50
\BOOKMARK [1][-]{section.51}{\376\377\000M\000g\000C\000l\0002}{}% 51
